// Jest Snapshot v1, https://goo.gl/fbAQLP

exports[`Should render DashboardPage with expenses 1`] = `
<div>
  <Connect(DashboardSummary) />
  <Connect(RequestsListFilters) />
  <Connect(FiltersSummary) />
  <Connect(RequestList) />
</div>
`;
