// Jest Snapshot v1, https://goo.gl/fbAQLP

exports[`Should render LoginPage 1`] = `
<div
  className="box-layout"
>
  <div
    className="box-layout__box"
  >
    <h1
      className="box-layout__title"
    >
      Right-To-Know Tracker
    </h1>
    <p>
      Organize your open records requests in one handy location.
    </p>
    <button
      className="button"
      onClick={[Function]}
    >
      Login with Google
    </button>
  </div>
</div>
`;
